// Jest Snapshot v1, https://goo.gl/fbAQLP

exports[`Search snapshot test 1`] = `
<View
  keyboardVerticalOffset={0}
  onLayout={[Function]}
  style={
    Array [
      Object {
        "alignItems": "center",
        "backgroundColor": "#87CEFA",
        "flex": 1,
        "justifyContent": "center",
      },
      Object {
        "paddingBottom": 0,
      },
    ]
  }
>
  <View
    style={
      Object {
        "alignItems": "center",
        "flexGrow": 1,
        "justifyContent": "center",
      }
    }
  >
    <Image
      source={1}
      style={
        Object {
          "height": 200,
          "width": 200,
        }
      }
    />
  </View>
  <Text
    accessible={true}
    allowFontScaling={true}
    disabled={false}
    ellipsizeMode="tail"
    style={
      Object {
        "color": "#fff",
        "fontWeight": "700",
        "marginTop": 5,
        "opacity": 0.8,
        "textAlign": "center",
      }
    }
  >
     
    Welcome to chatBox
  </Text>
</View>
`;
